Line 23: ERROR invalid token → ;
Line 23: ERROR invalid token → ;
Line 28: ERROR invalid token → 16x
